34157372230096169880
383643008351653000441599891359

765563642967226268604824666500959901012133393354961059175849253588230502444369134527652928672840125045188979557030794137
2899207951399199383340864338689769982450138589524144704777320944497704411969619730009127265284571316 #n < m^2

376
2597

1747
80 #n < m^2

1746
139267

7212154
157 #n < m^2

128
4543

6177076
0 #n < m^2

50112372135
245489374384

13655433042621
158680234192289808844852

87497207830
790665527109221711811416696563319384039436437279695
